Performing C SOURCE FILE Test CMAKE_HAVE_LIBC_PTHREAD failed with the following output:
Change Dir: D:/pycharm/YoloGPU/YoloOverlay/app/.cxx/Debug/735i6d5h/arm64-v8a/CMakeFiles/CMakeTmp

Run Build Command(s):D:\Android\SDK\cmake\3.22.1\bin\ninja.exe cmTC_d1a2d && [1/2] Building C object CMakeFiles/cmTC_d1a2d.dir/src.c.o
D:/pycharm/YoloGPU/YoloOverlay/app/.cxx/Debug/735i6d5h/arm64-v8a/CMakeFiles/CMakeTmp/src.c:13:3: warning: implicit declaration of function 'pthread_cancel' is invalid in C99 [-Wimplicit-function-declaration]
  pthread_cancel(thread);
  ^
1 warning generated.
[2/2] Linking C executable cmTC_d1a2d
FAILED: cmTC_d1a2d 
cmd.exe /C "cd . && D:\Android\SDK\ndk\25.2.9519653\toolchains\llvm\prebuilt\windows-x86_64\bin\clang.exe --target=aarch64-none-linux-android26 --sysroot=D:/Android/SDK/ndk/25.2.9519653/toolchains/llvm/prebuilt/windows-x86_64/sysroot -g -DANDROID -fdata-sections -ffunction-sections -funwind-tables -fstack-protector-strong -no-canonical-prefixes -D_FORTIFY_SOURCE=2 -Wformat -Werror=format-security -Wl,--build-id=sha1 -Wl,--no-rosegment -Wl,--fatal-warnings -Wl,--no-undefined -Qunused-arguments CMakeFiles/cmTC_d1a2d.dir/src.c.o -o cmTC_d1a2d  -latomic -lm && cd ."
ld: error: undefined symbol: pthread_cancel
>>> referenced by src.c:13
>>>               CMakeFiles/cmTC_d1a2d.dir/src.c.o:(main)
clang: error: linker command failed with exit code 1 (use -v to see invocation)
ninja: build stopped: subcommand failed.


Source file was:
#include <pthread.h>

static void* test_func(void* data)
{
  return data;
}

int main(void)
{
  pthread_t thread;
  pthread_create(&thread, NULL, test_func, NULL);
  pthread_detach(thread);
  pthread_cancel(thread);
  pthread_join(thread, NULL);
  pthread_atfork(NULL, NULL, NULL);
  pthread_exit(NULL);

  return 0;
}

